---
version: 1
interactions:
- request:
    body: ""
    form: {}
    headers:
      User-Agent:
      - wbdata-go
    url: https://api.worldbank.org/v2/countries/JPN;USA/indicators/NY.GDP.MKTP.CD?format=json
    method: GET
  response:
    body: '[{"page":1,"pages":3,"per_page":50,"total":122,"sourceid":"2","sourcename":"World
      Development Indicators","lastupdated":"2021-05-25"},[{"indicator":{"id":"NY.GDP.MKTP.CD","value":"GDP
      (current US$)"},"country":{"id":"JP","value":"Japan"},"countryiso3code":"JPN","date":"2020","value":null,"unit":"","obs_status":"","decimal":0},{"indicator":{"id":"NY.GDP.MKTP.CD","value":"GDP
      (current US$)"},"country":{"id":"JP","value":"Japan"},"countryiso3code":"JPN","date":"2019","value":5081769542379.77,"unit":"","obs_status":"","decimal":0},{"indicator":{"id":"NY.GDP.MKTP.CD","value":"GDP
      (current US$)"},"country":{"id":"JP","value":"Japan"},"countryiso3code":"JPN","date":"2018","value":4954806619995.19,"unit":"","obs_status":"","decimal":0},{"indicator":{"id":"NY.GDP.MKTP.CD","value":"GDP
      (current US$)"},"country":{"id":"JP","value":"Japan"},"countryiso3code":"JPN","date":"2017","value":4866864409657.68,"unit":"","obs_status":"","decimal":0},{"indicator":{"id":"NY.GDP.MKTP.CD","value":"GDP
      (current US$)"},"country":{"id":"JP","value":"Japan"},"countryiso3code":"JPN","date":"2016","value":4922538141454.62,"unit":"","obs_status":"","decimal":0},{"indicator":{"id":"NY.GDP.MKTP.CD","value":"GDP
      (current US$)"},"country":{"id":"JP","value":"Japan"},"countryiso3code":"JPN","date":"2015","value":4389475622588.97,"unit":"","obs_status":"","decimal":0},{"indicator":{"id":"NY.GDP.MKTP.CD","value":"GDP
      (current US$)"},"country":{"id":"JP","value":"Japan"},"countryiso3code":"JPN","date":"2014","value":4850413536037.84,"unit":"","obs_status":"","decimal":0},{"indicator":{"id":"NY.GDP.MKTP.CD","value":"GDP
      (current US$)"},"country":{"id":"JP","value":"Japan"},"countryiso3code":"JPN","date":"2013","value":5155717056270.83,"unit":"","obs_status":"","decimal":0},{"indicator":{"id":"NY.GDP.MKTP.CD","value":"GDP
      (current US$)"},"country":{"id":"JP","value":"Japan"},"countryiso3code":"JPN","date":"2012","value":6203213121334.12,"unit":"","obs_status":"","decimal":0},{"indicator":{"id":"NY.GDP.MKTP.CD","value":"GDP
      (current US$)"},"country":{"id":"JP","value":"Japan"},"countryiso3code":"JPN","date":"2011","value":6157459594823.72,"unit":"","obs_status":"","decimal":0},{"indicator":{"id":"NY.GDP.MKTP.CD","value":"GDP
      (current US$)"},"country":{"id":"JP","value":"Japan"},"countryiso3code":"JPN","date":"2010","value":5700098114744.41,"unit":"","obs_status":"","decimal":0},{"indicator":{"id":"NY.GDP.MKTP.CD","value":"GDP
      (current US$)"},"country":{"id":"JP","value":"Japan"},"countryiso3code":"JPN","date":"2009","value":5231382674593.7,"unit":"","obs_status":"","decimal":0},{"indicator":{"id":"NY.GDP.MKTP.CD","value":"GDP
      (current US$)"},"country":{"id":"JP","value":"Japan"},"countryiso3code":"JPN","date":"2008","value":5037908465114.48,"unit":"","obs_status":"","decimal":0},{"indicator":{"id":"NY.GDP.MKTP.CD","value":"GDP
      (current US$)"},"country":{"id":"JP","value":"Japan"},"countryiso3code":"JPN","date":"2007","value":4515264514430.57,"unit":"","obs_status":"","decimal":0},{"indicator":{"id":"NY.GDP.MKTP.CD","value":"GDP
      (current US$)"},"country":{"id":"JP","value":"Japan"},"countryiso3code":"JPN","date":"2006","value":4530377224970.4,"unit":"","obs_status":"","decimal":0},{"indicator":{"id":"NY.GDP.MKTP.CD","value":"GDP
      (current US$)"},"country":{"id":"JP","value":"Japan"},"countryiso3code":"JPN","date":"2005","value":4755410630912.14,"unit":"","obs_status":"","decimal":0},{"indicator":{"id":"NY.GDP.MKTP.CD","value":"GDP
      (current US$)"},"country":{"id":"JP","value":"Japan"},"countryiso3code":"JPN","date":"2004","value":4815148854362.11,"unit":"","obs_status":"","decimal":0},{"indicator":{"id":"NY.GDP.MKTP.CD","value":"GDP
      (current US$)"},"country":{"id":"JP","value":"Japan"},"countryiso3code":"JPN","date":"2003","value":4445658071221.86,"unit":"","obs_status":"","decimal":0},{"indicator":{"id":"NY.GDP.MKTP.CD","value":"GDP
      (current US$)"},"country":{"id":"JP","value":"Japan"},"countryiso3code":"JPN","date":"2002","value":4115116279069.77,"unit":"","obs_status":"","decimal":0},{"indicator":{"id":"NY.GDP.MKTP.CD","value":"GDP
      (current US$)"},"country":{"id":"JP","value":"Japan"},"countryiso3code":"JPN","date":"2001","value":4303544259842.72,"unit":"","obs_status":"","decimal":0},{"indicator":{"id":"NY.GDP.MKTP.CD","value":"GDP
      (current US$)"},"country":{"id":"JP","value":"Japan"},"countryiso3code":"JPN","date":"2000","value":4887519660744.86,"unit":"","obs_status":"","decimal":0},{"indicator":{"id":"NY.GDP.MKTP.CD","value":"GDP
      (current US$)"},"country":{"id":"JP","value":"Japan"},"countryiso3code":"JPN","date":"1999","value":4562078822335.45,"unit":"","obs_status":"","decimal":0},{"indicator":{"id":"NY.GDP.MKTP.CD","value":"GDP
      (current US$)"},"country":{"id":"JP","value":"Japan"},"countryiso3code":"JPN","date":"1998","value":4032509760872.94,"unit":"","obs_status":"","decimal":0},{"indicator":{"id":"NY.GDP.MKTP.CD","value":"GDP
      (current US$)"},"country":{"id":"JP","value":"Japan"},"countryiso3code":"JPN","date":"1997","value":4414732843544.43,"unit":"","obs_status":"","decimal":0},{"indicator":{"id":"NY.GDP.MKTP.CD","value":"GDP
      (current US$)"},"country":{"id":"JP","value":"Japan"},"countryiso3code":"JPN","date":"1996","value":4833712542207.1,"unit":"","obs_status":"","decimal":0},{"indicator":{"id":"NY.GDP.MKTP.CD","value":"GDP
      (current US$)"},"country":{"id":"JP","value":"Japan"},"countryiso3code":"JPN","date":"1995","value":5449116304981.1,"unit":"","obs_status":"","decimal":0},{"indicator":{"id":"NY.GDP.MKTP.CD","value":"GDP
      (current US$)"},"country":{"id":"JP","value":"Japan"},"countryiso3code":"JPN","date":"1994","value":4907039384469.68,"unit":"","obs_status":"","decimal":0},{"indicator":{"id":"NY.GDP.MKTP.CD","value":"GDP
      (current US$)"},"country":{"id":"JP","value":"Japan"},"countryiso3code":"JPN","date":"1993","value":4454143876947.21,"unit":"","obs_status":"","decimal":0},{"indicator":{"id":"NY.GDP.MKTP.CD","value":"GDP
      (current US$)"},"country":{"id":"JP","value":"Japan"},"countryiso3code":"JPN","date":"1992","value":3908809463463.86,"unit":"","obs_status":"","decimal":0},{"indicator":{"id":"NY.GDP.MKTP.CD","value":"GDP
      (current US$)"},"country":{"id":"JP","value":"Japan"},"countryiso3code":"JPN","date":"1991","value":3584420077100.84,"unit":"","obs_status":"","decimal":0},{"indicator":{"id":"NY.GDP.MKTP.CD","value":"GDP
      (current US$)"},"country":{"id":"JP","value":"Japan"},"countryiso3code":"JPN","date":"1990","value":3132817652848.04,"unit":"","obs_status":"","decimal":0},{"indicator":{"id":"NY.GDP.MKTP.CD","value":"GDP
      (current US$)"},"country":{"id":"JP","value":"Japan"},"countryiso3code":"JPN","date":"1989","value":3054914166263.18,"unit":"","obs_status":"","decimal":0},{"indicator":{"id":"NY.GDP.MKTP.CD","value":"GDP
      (current US$)"},"country":{"id":"JP","value":"Japan"},"countryiso3code":"JPN","date":"1988","value":3071683013178.91,"unit":"","obs_status":"","decimal":0},{"indicator":{"id":"NY.GDP.MKTP.CD","value":"GDP
      (current US$)"},"country":{"id":"JP","value":"Japan"},"countryiso3code":"JPN","date":"1987","value":2532808573157.03,"unit":"","obs_status":"","decimal":0},{"indicator":{"id":"NY.GDP.MKTP.CD","value":"GDP
      (current US$)"},"country":{"id":"JP","value":"Japan"},"countryiso3code":"JPN","date":"1986","value":2078953333673.55,"unit":"","obs_status":"","decimal":0},{"indicator":{"id":"NY.GDP.MKTP.CD","value":"GDP
      (current US$)"},"country":{"id":"JP","value":"Japan"},"countryiso3code":"JPN","date":"1985","value":1398892744820.69,"unit":"","obs_status":"","decimal":0},{"indicator":{"id":"NY.GDP.MKTP.CD","value":"GDP
      (current US$)"},"country":{"id":"JP","value":"Japan"},"countryiso3code":"JPN","date":"1984","value":1318381627003.76,"unit":"","obs_status":"","decimal":0},{"indicator":{"id":"NY.GDP.MKTP.CD","value":"GDP
      (current US$)"},"country":{"id":"JP","value":"Japan"},"countryiso3code":"JPN","date":"1983","value":1243323592058.83,"unit":"","obs_status":"","decimal":0},{"indicator":{"id":"NY.GDP.MKTP.CD","value":"GDP
      (current US$)"},"country":{"id":"JP","value":"Japan"},"countryiso3code":"JPN","date":"1982","value":1134518001884.56,"unit":"","obs_status":"","decimal":0},{"indicator":{"id":"NY.GDP.MKTP.CD","value":"GDP
      (current US$)"},"country":{"id":"JP","value":"Japan"},"countryiso3code":"JPN","date":"1981","value":1218988935129.81,"unit":"","obs_status":"","decimal":0},{"indicator":{"id":"NY.GDP.MKTP.CD","value":"GDP
      (current US$)"},"country":{"id":"JP","value":"Japan"},"countryiso3code":"JPN","date":"1980","value":1105385973763.87,"unit":"","obs_status":"","decimal":0},{"indicator":{"id":"NY.GDP.MKTP.CD","value":"GDP
      (current US$)"},"country":{"id":"JP","value":"Japan"},"countryiso3code":"JPN","date":"1979","value":1055012119526.33,"unit":"","obs_status":"","decimal":0},{"indicator":{"id":"NY.GDP.MKTP.CD","value":"GDP
      (current US$)"},"country":{"id":"JP","value":"Japan"},"countryiso3code":"JPN","date":"1978","value":1013612173518.84,"unit":"","obs_status":"","decimal":0},{"indicator":{"id":"NY.GDP.MKTP.CD","value":"GDP
      (current US$)"},"country":{"id":"JP","value":"Japan"},"countryiso3code":"JPN","date":"1977","value":721411786536.814,"unit":"","obs_status":"","decimal":0},{"indicator":{"id":"NY.GDP.MKTP.CD","value":"GDP
      (current US$)"},"country":{"id":"JP","value":"Japan"},"countryiso3code":"JPN","date":"1976","value":586161858999.671,"unit":"","obs_status":"","decimal":0},{"indicator":{"id":"NY.GDP.MKTP.CD","value":"GDP
      (current US$)"},"country":{"id":"JP","value":"Japan"},"countryiso3code":"JPN","date":"1975","value":521541905673.251,"unit":"","obs_status":"","decimal":0},{"indicator":{"id":"NY.GDP.MKTP.CD","value":"GDP
      (current US$)"},"country":{"id":"JP","value":"Japan"},"countryiso3code":"JPN","date":"1974","value":479625998613.406,"unit":"","obs_status":"","decimal":0},{"indicator":{"id":"NY.GDP.MKTP.CD","value":"GDP
      (current US$)"},"country":{"id":"JP","value":"Japan"},"countryiso3code":"JPN","date":"1973","value":432082670450.719,"unit":"","obs_status":"","decimal":0},{"indicator":{"id":"NY.GDP.MKTP.CD","value":"GDP
      (current US$)"},"country":{"id":"JP","value":"Japan"},"countryiso3code":"JPN","date":"1972","value":318031297492.352,"unit":"","obs_status":"","decimal":0},{"indicator":{"id":"NY.GDP.MKTP.CD","value":"GDP
      (current US$)"},"country":{"id":"JP","value":"Japan"},"countryiso3code":"JPN","date":"1971","value":240151807460.241,"unit":"","obs_status":"","decimal":0}]]'
    headers:
      Access-Control-Allow-Headers:
      - X-Requested-With
      Access-Control-Allow-Methods:
      - GET
      Access-Control-Allow-Origin:
      - '*'
      Cache-Control:
      - public, must-revalidate, max-age=2592000
      Content-Length:
      - "10370"
      Content-Type:
      - application/json;charset=utf-8
      Date:
      - Sun, 13 Jun 2021 02:49:06 GMT
      Expires:
      - Tue, 13 Jul 2021 02:49:06 GMT
      Last-Modified:
      - Sun, 13 Jun 2021 02:49:06 GMT
      Request-Context:
      - appId=cid-v1:da002513-bd8b-4441-9f30-737944134422
      Set-Cookie:
      - api_https.cookieCORS=76a6c6567ab12cea5dac4942d8df71cc; Path=/; SameSite=None;
        Secure
      - api_https.cookie=76a6c6567ab12cea5dac4942d8df71cc; Path=/
      - TS01fa65e4=01359ee9763fefa165e6f3a5fed88218d84fad5ef0575fd9819319af4f68028835534d88e3c497e65fef5532707dd788d89e77465c;
        Path=/
      - TS019865bf=01689d3836651290cdd9f1d8e302e84a08c40a3de1c5142c64ca8108fc987f5e818fdffc0f95905b776f14f646058e342a33de7ec7905e5a421abbece1582a2fe2c2fb8f59;
        Path=/
    status: 200 OK
    code: 200
    duration: ""
- request:
    body: ""
    form: {}
    headers:
      User-Agent:
      - wbdata-go
    url: https://api.worldbank.org/v2/countries/JPN;USA/indicators/NY.GDP.MKTP.CD?date=2018%3A2019&format=json&page=1&per_page=2
    method: GET
  response:
    body: '[{"page":1,"pages":2,"per_page":2,"total":4,"sourceid":"2","sourcename":"World
      Development Indicators","lastupdated":"2021-05-25"},[{"indicator":{"id":"NY.GDP.MKTP.CD","value":"GDP
      (current US$)"},"country":{"id":"JP","value":"Japan"},"countryiso3code":"JPN","date":"2019","value":5081769542379.77,"unit":"","obs_status":"","decimal":0},{"indicator":{"id":"NY.GDP.MKTP.CD","value":"GDP
      (current US$)"},"country":{"id":"JP","value":"Japan"},"countryiso3code":"JPN","date":"2018","value":4954806619995.19,"unit":"","obs_status":"","decimal":0}]]'
    headers:
      Access-Control-Allow-Headers:
      - X-Requested-With
      Access-Control-Allow-Methods:
      - GET
      Access-Control-Allow-Origin:
      - '*'
      Cache-Control:
      - public, must-revalidate, max-age=2592000
      Content-Length:
      - "543"
      Content-Type:
      - application/json;charset=utf-8
      Date:
      - Sun, 13 Jun 2021 02:49:07 GMT
      Expires:
      - Tue, 13 Jul 2021 02:49:07 GMT
      Last-Modified:
      - Sun, 13 Jun 2021 02:49:07 GMT
      Request-Context:
      - appId=cid-v1:da002513-bd8b-4441-9f30-737944134422
      Set-Cookie:
      - api_https.cookieCORS=286e43d9dbb589273e07f096cd441f82; Path=/; SameSite=None;
        Secure
      - api_https.cookie=286e43d9dbb589273e07f096cd441f82; Path=/
      - TS019266c8=017189f9476b5bf91c86f7f58504fd5894acba8022d31e54648aa6a55c05adece3022536eaf14003e057e8f88b52022513c19f979f;
        Path=/
      - TS019865bf=0114ae2926f67a53b03bee9630fa0fb238f9d1099de2a78d3f57dcc3d7b2fa606c7b1ecc3f54ee450e7c435a3be6efd4bdc4cc8b536a3458da4c0ef4e1dcde01698dc80651;
        Path=/
    status: 200 OK
    code: 200
    duration: ""
- request:
    body: ""
    form: {}
    headers:
      User-Agent:
      - wbdata-go
    url: https://api.worldbank.org/v2/countries/ABCDEFG;HIJKLM/indicators/NY.GDP.MKTP.CD?format=json
    method: GET
  response:
    body: '[{"message":[{"id":"120","key":"Invalid value","value":"The provided parameter
      value is not valid"}]}]'
    headers:
      Access-Control-Allow-Headers:
      - X-Requested-With
      Access-Control-Allow-Methods:
      - GET
      Access-Control-Allow-Origin:
      - '*'
      Cache-Control:
      - public, must-revalidate, max-age=2592000
      Content-Length:
      - "102"
      Content-Type:
      - application/json;charset=utf-8
      Date:
      - Sun, 13 Jun 2021 02:49:07 GMT
      Expires:
      - Tue, 13 Jul 2021 02:49:07 GMT
      Last-Modified:
      - Sun, 13 Jun 2021 02:49:07 GMT
      Request-Context:
      - appId=cid-v1:da002513-bd8b-4441-9f30-737944134422
      Set-Cookie:
      - api_https.cookieCORS=76a6c6567ab12cea5dac4942d8df71cc; Path=/; SameSite=None;
        Secure
      - api_https.cookie=76a6c6567ab12cea5dac4942d8df71cc; Path=/
      - TS01fa65e4=01359ee97667fb3dd39927b9a5bb56e847f8237a5615ea9bb9ab312a9fcb7eee3e2ab3b8b75e90a8e59f4ab8f0ad4e33907e3bfce5;
        Path=/
      - TS019865bf=01689d38369535825a4fccb15fe1ef3bfc7b595bb8e088bbd2bf6107a43a577e6b23e79e66ac6808c9082d7a2054d17658c44bf333a1d8e30629f87978c304167b726dd555;
        Path=/
    status: 200 OK
    code: 200
    duration: ""
- request:
    body: ""
    form: {}
    headers:
      User-Agent:
      - wbdata-go
    url: https://api.worldbank.org/v2/countries/JPN;USA/indicators/INVALID.INDICATOR.ID?format=json
    method: GET
  response:
    body: '[{"message":[{"id":"120","key":"Invalid value","value":"The provided parameter
      value is not valid"}]}]'
    headers:
      Access-Control-Allow-Headers:
      - X-Requested-With
      Access-Control-Allow-Methods:
      - GET
      Access-Control-Allow-Origin:
      - '*'
      Cache-Control:
      - public, must-revalidate, max-age=2592000
      Content-Length:
      - "102"
      Content-Type:
      - application/json;charset=utf-8
      Date:
      - Sun, 13 Jun 2021 02:49:07 GMT
      Expires:
      - Tue, 13 Jul 2021 02:49:07 GMT
      Last-Modified:
      - Sun, 13 Jun 2021 02:49:07 GMT
      Request-Context:
      - appId=cid-v1:da002513-bd8b-4441-9f30-737944134422
      Set-Cookie:
      - api_https.cookieCORS=286e43d9dbb589273e07f096cd441f82; Path=/; SameSite=None;
        Secure
      - api_https.cookie=286e43d9dbb589273e07f096cd441f82; Path=/
      - TS019266c8=017189f947d5ea9d12f5e9afcfd0fe5b841f4d2dfa9b19749017ffcf0d27af6e6802c0df70b4f3ca9bd0d0a07a7bf4fa03febcf080;
        Path=/
      - TS019865bf=0114ae2926865e4cd3ebdeea73ce4b2653fe0145fa7e31e7d3569042743eb80eb06b8da55095b83650a9dd6fce8247e2536c5684e030a33a928086a1a23a1c88a36ba83321;
        Path=/
    status: 200 OK
    code: 200
    duration: ""
